// Jest Snapshot v1, https://goo.gl/fbAQLP

exports[`<Search /> should be match snapshot 1`] = `
<input
  class="input"
  placeholder="search here"
  type="search"
  value="test"
/>
`;
